../Core/Src/main.c:326:5:__io_putchar	16	static
../Core/Src/main.c:408:6:HAL_UART_RxCpltCallback	32	static
../Core/Src/main.c:559:6:ADC1_Start_Regular_IN18_IT	8	static
../Core/Src/main.c:567:6:HAL_ADC_ConvCpltCallback	24	static
../Core/Src/main.c:601:14:compute_supersonic_rms_from_fftdata	40	static
../Core/Src/main.c:617:13:handle_cmd_and_reply	16	static
../Core/Src/main.c:652:13:Send_Monitoring_Snapshot_JSON	168	static,ignoring_inline_asm
../Core/Src/main.c:730:13:WiSun_SendFrame	552	static
../Core/Src/main.c:852:17:build_json_response	104	static
../Core/Src/main.c:903:17:build_binary_response	48	static
../Core/Src/main.c:931:13:send_simple_ack_json	32	static
../Core/Src/main.c:943:6:Print_FFT_Summary	160	static
../Core/Src/main.c:959:6:Process_Ultra_Frame_Then_VI	200	static,ignoring_inline_asm
../Core/Src/main.c:991:6:send_one_measurement	152	static
../Core/Src/main.c:1012:6:PrintReceivedPacket	344	static
../Core/Src/main.c:1036:9:calc_checksum	24	static
../Core/Src/main.c:1048:5:main	312	static,ignoring_inline_asm
../Core/Src/main.c:1273:6:SystemClock_Config	120	static
../Core/Src/main.c:1334:13:MX_ADC1_Init	104	static
../Core/Src/main.c:1429:13:MX_RTC_Init	64	static
../Core/Src/main.c:1510:13:MX_TIM2_Init	40	static
../Core/Src/main.c:1555:13:MX_USART1_UART_Init	8	static
../Core/Src/main.c:1603:13:MX_USART2_UART_Init	8	static
../Core/Src/main.c:1651:13:MX_USART6_UART_Init	8	static
../Core/Src/main.c:1699:13:MX_GPIO_Init	48	static
../Core/Src/main.c:1778:6:Vac_Ctrl	8	static
../Core/Src/main.c:1782:6:Read_UID	4	static
../Core/Src/main.c:1789:6:Format_UID	24	static
../Core/Src/main.c:1801:10:Get_Device_ID	4	static
../Core/Src/main.c:1805:10:Read_ADC_Channel	56	static
../Core/Src/main.c:1829:7:Convert_Voltage_ADC	24	static
../Core/Src/main.c:1835:7:Convert_Voltage_To_Current	24	static
../Core/Src/main.c:1841:6:Print_Voltage_Current	144	static
../Core/Src/main.c:1875:6:startADCInterrupt	8	static
../Core/Src/main.c:1881:6:ExtractFullFFT	40	static
../Core/Src/main.c:1907:6:Query_MID_From_WiSUN	16	static
../Core/Src/main.c:1913:6:Parse_AT_Response	80	static
../Core/Src/main.c:1928:6:Ultra_StartSampling	8	static
../Core/Src/main.c:1935:6:Ultra_ResumeNextFrame	8	static
../Core/Src/main.c:2011:6:StreetLight_ToggleTask	16	static
../Core/Src/main.c:2044:6:Error_Handler	8	static,ignoring_inline_asm
