../Core/Src/stm32h5xx_hal_msp.c:63:6:HAL_MspInit	8	static
../Core/Src/stm32h5xx_hal_msp.c:86:6:HAL_ADC_MspInit	320	static
../Core/Src/stm32h5xx_hal_msp.c:179:6:HAL_ADC_MspDeInit	16	static
../Core/Src/stm32h5xx_hal_msp.c:213:6:HAL_RTC_MspInit	288	static
../Core/Src/stm32h5xx_hal_msp.c:248:6:HAL_RTC_MspDeInit	16	static
../Core/Src/stm32h5xx_hal_msp.c:271:6:HAL_TIM_Base_MspInit	24	static
../Core/Src/stm32h5xx_hal_msp.c:294:6:HAL_TIM_Base_MspDeInit	16	static
../Core/Src/stm32h5xx_hal_msp.c:316:6:HAL_UART_MspInit	328	static
../Core/Src/stm32h5xx_hal_msp.c:440:6:HAL_UART_MspDeInit	16	static
