D:/Smart_OnDevice/SmartDevice/STM32H573I-DK/X-CUBE-AI/App/app_x-cube-ai.c:56:6:MX_X_CUBE_AI_Init	8	static
D:/Smart_OnDevice/SmartDevice/STM32H573I-DK/X-CUBE-AI/App/app_x-cube-ai.c:64:6:MX_X_CUBE_AI_Process	8	static
D:/Smart_OnDevice/SmartDevice/STM32H573I-DK/X-CUBE-AI/App/app_x-cube-ai.c:102:9:ai_mnetwork_is_valid	24	static
D:/Smart_OnDevice/SmartDevice/STM32H573I-DK/X-CUBE-AI/App/app_x-cube-ai.c:112:26:ai_mnetwork_handle	24	static
D:/Smart_OnDevice/SmartDevice/STM32H573I-DK/X-CUBE-AI/App/app_x-cube-ai.c:124:6:ai_mnetwork_release_handle	24	static
D:/Smart_OnDevice/SmartDevice/STM32H573I-DK/X-CUBE-AI/App/app_x-cube-ai.c:135:13:ai_mnetwork_find	24	static
D:/Smart_OnDevice/SmartDevice/STM32H573I-DK/X-CUBE-AI/App/app_x-cube-ai.c:152:10:ai_mnetwork_create	48	static
D:/Smart_OnDevice/SmartDevice/STM32H573I-DK/X-CUBE-AI/App/app_x-cube-ai.c:194:11:ai_mnetwork_destroy	24	static
D:/Smart_OnDevice/SmartDevice/STM32H573I-DK/X-CUBE-AI/App/app_x-cube-ai.c:209:9:ai_mnetwork_get_report	24	static
D:/Smart_OnDevice/SmartDevice/STM32H573I-DK/X-CUBE-AI/App/app_x-cube-ai.c:220:10:ai_mnetwork_get_error	24	static
D:/Smart_OnDevice/SmartDevice/STM32H573I-DK/X-CUBE-AI/App/app_x-cube-ai.c:235:9:ai_mnetwork_init	80	static
D:/Smart_OnDevice/SmartDevice/STM32H573I-DK/X-CUBE-AI/App/app_x-cube-ai.c:252:8:ai_mnetwork_run	32	static
D:/Smart_OnDevice/SmartDevice/STM32H573I-DK/X-CUBE-AI/App/app_x-cube-ai.c:264:8:ai_mnetwork_forward	24	static
D:/Smart_OnDevice/SmartDevice/STM32H573I-DK/X-CUBE-AI/App/app_x-cube-ai.c:275:6:ai_mnetwork_get_private_handle	40	static
